device=mps  params: 15.14M total / 8.85M non-embedding
step      0/976  tok    0.0M  loss 12.7125  9s
step     50/976  tok    0.4M  loss 9.9186  189s
step    100/976  tok    0.8M  loss 9.8681  370s
  val loss 7.5118  ppl 1829.58
step    150/976  tok    1.2M  loss 9.5703  559s
step    200/976  tok    1.6M  loss 9.1822  740s
  val loss 6.9194  ppl 1011.70
step    250/976  tok    2.0M  loss 8.8707  929s
step    300/976  tok    2.5M  loss 8.9031  1110s
  val loss 6.6515  ppl 773.95
step    350/976  tok    2.9M  loss 8.5018  1299s
step    400/976  tok    3.3M  loss 8.5482  1484s
  val loss 6.4127  ppl 609.52
step    450/976  tok    3.7M  loss 8.1954  1673s
step    500/976  tok    4.1M  loss 8.1214  1854s
  val loss 6.2289  ppl 507.18
step    550/976  tok    4.5M  loss 8.4168  2043s
step    600/976  tok    4.9M  loss 8.2891  2223s
  val loss 6.1203  ppl 455.01
step    650/976  tok    5.3M  loss 7.8751  2412s
step    700/976  tok    5.7M  loss 7.8806  2593s
  val loss 6.0719  ppl 433.52
step    750/976  tok    6.1M  loss 7.4157  2782s
step    800/976  tok    6.6M  loss 7.4641  2966s
  val loss 5.9201  ppl 372.46
step    850/976  tok    7.0M  loss 7.6934  3155s
step    900/976  tok    7.4M  loss 7.9756  3335s
  val loss 5.8587  ppl 350.26
step    950/976  tok    7.8M  loss 7.6521  3524s
  val loss 5.8398  ppl 343.71
best val ppl 343.7053471701147 -> runs/idea_deep
/Library/Frameworks/Python.framework/Versions/3.12/lib/python3.12/multiprocessing/resource_tracker.py:279: UserWarning: resource_tracker: There appear to be 1 leaked semaphore objects to clean up at shutdown
  warnings.warn('resource_tracker: There appear to be %d '
