device=mps  params: 15.14M total / 8.85M non-embedding
step      0/976  tok    0.0M  loss 9.7840  8s
step     50/976  tok    0.4M  loss 7.6022  151s
step    100/976  tok    0.8M  loss 7.4321  296s
  val loss 7.3953  ppl 1628.29
step    150/976  tok    1.2M  loss 7.3154  446s
step    200/976  tok    1.6M  loss 7.0379  594s
  val loss 6.9099  ppl 1002.17
step    250/976  tok    2.0M  loss 6.7980  752s
step    300/976  tok    2.5M  loss 6.8050  897s
  val loss 6.6091  ppl 741.79
step    350/976  tok    2.9M  loss 6.4851  1047s
step    400/976  tok    3.3M  loss 6.5102  1196s
  val loss 6.3459  ppl 570.14
step    450/976  tok    3.7M  loss 6.2337  1347s
step    500/976  tok    4.1M  loss 6.1940  1491s
  val loss 6.1757  ppl 480.91
step    550/976  tok    4.5M  loss 6.4235  1642s
step    600/976  tok    4.9M  loss 6.3017  1789s
  val loss 6.0677  ppl 431.70
step    650/976  tok    5.3M  loss 5.9766  1949s
step    700/976  tok    5.7M  loss 5.9745  2099s
  val loss 6.0217  ppl 412.27
step    750/976  tok    6.1M  loss 5.6341  2263s
step    800/976  tok    6.6M  loss 5.6819  2426s
  val loss 5.8693  ppl 354.01
step    850/976  tok    7.0M  loss 5.8297  2581s
step    900/976  tok    7.4M  loss 6.0815  2726s
  val loss 5.8071  ppl 332.66
step    950/976  tok    7.8M  loss 5.7268  2879s
  val loss 5.7897  ppl 326.91
best val ppl 326.9079306503925 -> runs/idea_add
/Library/Frameworks/Python.framework/Versions/3.12/lib/python3.12/multiprocessing/resource_tracker.py:279: UserWarning: resource_tracker: There appear to be 1 leaked semaphore objects to clean up at shutdown
  warnings.warn('resource_tracker: There appear to be %d '
