device=mps  params: 15.14M total / 8.85M non-embedding
step      0/976  tok    0.0M  loss 9.7641  5s
step     50/976  tok    0.4M  loss 7.5197  95s
step    100/976  tok    0.8M  loss 7.1506  185s
  val loss 7.1183  ppl 1234.39
step    150/976  tok    1.2M  loss 7.0814  280s
step    200/976  tok    1.6M  loss 6.7457  370s
  val loss 6.6721  ppl 790.08
step    250/976  tok    2.0M  loss 6.6237  465s
step    300/976  tok    2.5M  loss 6.6969  556s
  val loss 6.4629  ppl 640.92
step    350/976  tok    2.9M  loss 6.3699  650s
step    400/976  tok    3.3M  loss 6.4297  743s
  val loss 6.2297  ppl 507.61
step    450/976  tok    3.7M  loss 6.1137  837s
step    500/976  tok    4.1M  loss 6.0992  928s
  val loss 6.0716  ppl 433.36
step    550/976  tok    4.5M  loss 6.3239  1022s
step    600/976  tok    4.9M  loss 6.2290  1112s
  val loss 5.9660  ppl 389.93
step    650/976  tok    5.3M  loss 5.8713  1207s
step    700/976  tok    5.7M  loss 5.8707  1297s
  val loss 5.9202  ppl 372.47
step    750/976  tok    6.1M  loss 5.5315  1392s
step    800/976  tok    6.6M  loss 5.5972  1483s
  val loss 5.7692  ppl 320.28
step    850/976  tok    7.0M  loss 5.7492  1578s
step    900/976  tok    7.4M  loss 6.0081  1668s
  val loss 5.7043  ppl 300.14
step    950/976  tok    7.8M  loss 5.6919  1770s
  val loss 5.6864  ppl 294.84
best val ppl 294.84329046470845 -> runs/idea_prelude
/Library/Frameworks/Python.framework/Versions/3.12/lib/python3.12/multiprocessing/resource_tracker.py:279: UserWarning: resource_tracker: There appear to be 1 leaked semaphore objects to clean up at shutdown
  warnings.warn('resource_tracker: There appear to be %d '
