device=mps  params: 15.44M total / 9.15M non-embedding
step      0/976  tok    0.0M  loss 9.7923  6s
step     50/976  tok    0.4M  loss 7.5086  99s
step    100/976  tok    0.8M  loss 7.2030  193s
  val loss 7.1490  ppl 1272.82
step    150/976  tok    1.2M  loss 7.1684  294s
step    200/976  tok    1.6M  loss 6.8979  385s
  val loss 6.7327  ppl 839.42
step    250/976  tok    2.0M  loss 6.7093  478s
step    300/976  tok    2.5M  loss 6.7341  565s
  val loss 6.5520  ppl 700.62
step    350/976  tok    2.9M  loss 6.4749  663s
step    400/976  tok    3.3M  loss 6.4994  761s
  val loss 6.3189  ppl 554.95
step    450/976  tok    3.7M  loss 6.2325  861s
step    500/976  tok    4.1M  loss 6.1990  951s
  val loss 6.1731  ppl 479.67
step    550/976  tok    4.5M  loss 6.4079  1048s
step    600/976  tok    4.9M  loss 6.3202  1140s
  val loss 6.0686  ppl 432.08
step    650/976  tok    5.3M  loss 5.9682  1239s
step    700/976  tok    5.7M  loss 5.9960  1327s
  val loss 6.0155  ppl 409.73
step    750/976  tok    6.1M  loss 5.6319  1423s
step    800/976  tok    6.6M  loss 5.6864  1508s
  val loss 5.8593  ppl 350.48
step    850/976  tok    7.0M  loss 5.8407  1603s
step    900/976  tok    7.4M  loss 6.0701  1695s
  val loss 5.7892  ppl 326.74
step    950/976  tok    7.8M  loss 5.7304  1791s
  val loss 5.7761  ppl 322.50
best val ppl 322.5041068185297 -> runs/idea_huginn
/Library/Frameworks/Python.framework/Versions/3.12/lib/python3.12/multiprocessing/resource_tracker.py:279: UserWarning: resource_tracker: There appear to be 1 leaked semaphore objects to clean up at shutdown
  warnings.warn('resource_tracker: There appear to be %d '
