device=mps  params: 15.44M total / 9.15M non-embedding
step      0/976  tok    0.0M  loss 9.7963  8s
step     50/976  tok    0.4M  loss 7.6475  180s
step    100/976  tok    0.8M  loss 7.6127  352s
  val loss 7.5760  ppl 1950.89
step    150/976  tok    1.2M  loss 7.4285  533s
step    200/976  tok    1.6M  loss 7.1667  705s
  val loss 7.0390  ppl 1140.28
step    250/976  tok    2.0M  loss 6.9083  886s
step    300/976  tok    2.5M  loss 6.8605  1058s
  val loss 6.7282  ppl 835.62
step    350/976  tok    2.9M  loss 6.5998  1239s
step    400/976  tok    3.3M  loss 6.6310  1414s
  val loss 6.4682  ppl 644.29
step    450/976  tok    3.7M  loss 6.4118  1595s
step    500/976  tok    4.1M  loss 6.2868  1767s
  val loss 6.2935  ppl 541.04
step    550/976  tok    4.5M  loss 6.5369  1948s
step    600/976  tok    4.9M  loss 6.4065  2120s
  val loss 6.1738  ppl 479.99
step    650/976  tok    5.3M  loss 6.1053  2300s
step    700/976  tok    5.7M  loss 6.1033  2473s
  val loss 6.1077  ppl 449.29
step    750/976  tok    6.1M  loss 5.7532  2653s
step    800/976  tok    6.6M  loss 5.7971  2829s
  val loss 5.9673  ppl 390.46
step    850/976  tok    7.0M  loss 5.9514  2996s
step    900/976  tok    7.4M  loss 6.1737  3145s
  val loss 5.9090  ppl 368.33
step    950/976  tok    7.8M  loss 5.8494  3301s
  val loss 5.8863  ppl 360.06
best val ppl 360.06140992553406 -> runs/idea_progress
/Library/Frameworks/Python.framework/Versions/3.12/lib/python3.12/multiprocessing/resource_tracker.py:279: UserWarning: resource_tracker: There appear to be 1 leaked semaphore objects to clean up at shutdown
  warnings.warn('resource_tracker: There appear to be %d '
