device=mps  params: 15.14M total / 8.85M non-embedding
step      0/976  tok    0.0M  loss 9.7788  8s
step     50/976  tok    0.4M  loss 7.6480  154s
step    100/976  tok    0.8M  loss 7.6599  300s
  val loss 7.5977  ppl 1993.56
step    150/976  tok    1.2M  loss 7.5267  453s
step    200/976  tok    1.6M  loss 7.3688  599s
  val loss 7.1314  ppl 1250.69
step    250/976  tok    2.0M  loss 7.0579  752s
step    300/976  tok    2.5M  loss 6.9889  898s
  val loss 6.8467  ppl 940.80
step    350/976  tok    2.9M  loss 6.7098  1050s
step    400/976  tok    3.3M  loss 6.7235  1201s
  val loss 6.5622  ppl 707.81
step    450/976  tok    3.7M  loss 6.4756  1354s
step    500/976  tok    4.1M  loss 6.3985  1500s
  val loss 6.3880  ppl 594.65
step    550/976  tok    4.5M  loss 6.6117  1653s
step    600/976  tok    4.9M  loss 6.4960  1798s
  val loss 6.2838  ppl 535.84
step    650/976  tok    5.3M  loss 6.2012  1951s
step    700/976  tok    5.7M  loss 6.2685  2097s
  val loss 6.2422  ppl 513.98
step    750/976  tok    6.1M  loss 5.8688  2250s
step    800/976  tok    6.6M  loss 5.9163  2400s
  val loss 6.0855  ppl 439.45
step    850/976  tok    7.0M  loss 6.0492  2554s
step    900/976  tok    7.4M  loss 6.2620  2699s
  val loss 6.0212  ppl 412.07
step    950/976  tok    7.8M  loss 6.0249  2854s
  val loss 6.0012  ppl 403.92
best val ppl 403.9206653705133 -> runs/idea_step
/Library/Frameworks/Python.framework/Versions/3.12/lib/python3.12/multiprocessing/resource_tracker.py:279: UserWarning: resource_tracker: There appear to be 1 leaked semaphore objects to clean up at shutdown
  warnings.warn('resource_tracker: There appear to be %d '
