device=mps  params: 15.14M total / 8.85M non-embedding
step      0/976  tok    0.0M  loss 9.7760  8s
step     50/976  tok    0.4M  loss 7.6366  155s
step    100/976  tok    0.8M  loss 7.8242  303s
  val loss 7.7800  ppl 2392.29
step    150/976  tok    1.2M  loss 7.8067  457s
step    200/976  tok    1.6M  loss 7.8205  602s
  val loss 7.6757  ppl 2155.43
step    250/976  tok    2.0M  loss 7.6867  755s
step    300/976  tok    2.5M  loss 7.5577  900s
  val loss 7.6827  ppl 2170.49
step    350/976  tok    2.9M  loss 7.6942  1053s
step    400/976  tok    3.3M  loss 7.7517  1203s
  val loss 7.6520  ppl 2104.75
step    450/976  tok    3.7M  loss 7.8092  1355s
step    500/976  tok    4.1M  loss 7.5661  1501s
  val loss 7.6280  ppl 2054.99
step    550/976  tok    4.5M  loss 7.8412  1653s
step    600/976  tok    4.9M  loss 7.7254  1799s
  val loss 7.6408  ppl 2081.45
step    650/976  tok    5.3M  loss 7.6303  1951s
step    700/976  tok    5.7M  loss 7.6554  2096s
  val loss 7.6226  ppl 2043.94
step    750/976  tok    6.1M  loss 7.4007  2249s
step    800/976  tok    6.6M  loss 7.4590  2399s
  val loss 7.6316  ppl 2062.27
step    850/976  tok    7.0M  loss 7.5207  2551s
step    900/976  tok    7.4M  loss 7.6131  2696s
  val loss 7.6023  ppl 2002.82
step    950/976  tok    7.8M  loss 7.9146  2849s
  val loss 7.6130  ppl 2024.38
best val ppl 2002.8194781421853 -> runs/idea_norm
/Library/Frameworks/Python.framework/Versions/3.12/lib/python3.12/multiprocessing/resource_tracker.py:279: UserWarning: resource_tracker: There appear to be 1 leaked semaphore objects to clean up at shutdown
  warnings.warn('resource_tracker: There appear to be %d '
