device=mps  params: 40.43M total / 1.61M non-embedding
!! over the 10M budget on the total-parameter reading — see NOTES
step      0/1953  tok    0.0M  loss 11.9783  1s
step    100/1953  tok    0.1M  loss 7.9636  24s
step    200/1953  tok    0.2M  loss 6.5969  239s
  val loss 8.7683  ppl 6427.25
step    300/1953  tok    0.3M  loss 7.9982  263s
step    400/1953  tok    0.4M  loss 7.4386  286s
  val loss 7.8989  ppl 2694.40
step    500/1953  tok    0.5M  loss 8.0361  310s
step    600/1953  tok    0.6M  loss 7.5552  334s
  val loss 7.7900  ppl 2416.40
step    700/1953  tok    0.7M  loss 7.4175  359s
step    800/1953  tok    0.8M  loss 7.2363  382s
  val loss 7.5734  ppl 1945.81
step    900/1953  tok    0.9M  loss 7.4817  406s
step   1000/1953  tok    1.0M  loss 6.9129  429s
  val loss 7.4386  ppl 1700.43
step   1100/1953  tok    1.1M  loss 6.6783  453s
step   1200/1953  tok    1.2M  loss 7.1103  476s
  val loss 7.3247  ppl 1517.34
step   1300/1953  tok    1.3M  loss 6.4942  500s
step   1400/1953  tok    1.4M  loss 7.0030  523s
  val loss 7.2509  ppl 1409.30
step   1500/1953  tok    1.5M  loss 6.9200  547s
step   1600/1953  tok    1.6M  loss 7.0704  570s
  val loss 7.1910  ppl 1327.44
step   1700/1953  tok    1.7M  loss 6.9388  594s
step   1800/1953  tok    1.8M  loss 8.0669  617s
  val loss 7.1737  ppl 1304.63
step   1900/1953  tok    1.9M  loss 6.9275  641s
  val loss 7.1275  ppl 1245.74
best val ppl 1245.7429443293424 -> runs/loop4
