device=mps  params: 40.43M total / 1.61M non-embedding
!! over the 10M budget on the total-parameter reading — see NOTES
step      0/1953  tok    0.0M  loss 11.9874  3s
step    200/1953  tok    0.2M  loss 6.8904  51s
  val loss 8.5360  ppl 5094.75
step    400/1953  tok    0.4M  loss 7.8666  102s
  val loss 8.5908  ppl 5382.03
step    600/1953  tok    0.6M  loss 7.8139  190s
  val loss 8.0243  ppl 3054.31
step    800/1953  tok    0.8M  loss 7.7071  252s
  val loss 7.9727  ppl 2900.78
step   1000/1953  tok    1.0M  loss 7.4688  321s
  val loss 7.9529  ppl 2843.90
step   1200/1953  tok    1.2M  loss 7.7375  375s
  val loss 7.9344  ppl 2791.55
step   1400/1953  tok    1.4M  loss 7.6730  424s
  val loss 7.9180  ppl 2746.18
step   1600/1953  tok    1.6M  loss 7.6914  488s
  val loss 7.8905  ppl 2671.90
step   1800/1953  tok    1.8M  loss 8.5872  549s
  val loss 7.8810  ppl 2646.39
  val loss 7.8874  ppl 2663.41
best val ppl 2646.391546704682 -> runs/loop4_norm
