device=mps  params: 40.43M total / 1.61M non-embedding
!! over the 10M budget on the total-parameter reading — see NOTES
step      0/1953  tok    0.0M  loss 11.9867  3s
step    100/1953  tok    0.1M  loss 7.7248  23s
step    200/1953  tok    0.2M  loss 6.0769  43s
  val loss 8.2637  ppl 3880.31
step    300/1953  tok    0.3M  loss 7.7678  64s
step    400/1953  tok    0.4M  loss 7.0091  84s
  val loss 7.5737  ppl 1946.25
step    500/1953  tok    0.5M  loss 7.7074  105s
step    600/1953  tok    0.6M  loss 7.1359  125s
  val loss 7.3675  ppl 1583.60
step    700/1953  tok    0.7M  loss 6.9286  146s
step    800/1953  tok    0.8M  loss 6.9319  167s
  val loss 7.2543  ppl 1414.19
step    900/1953  tok    0.9M  loss 7.2336  187s
step   1000/1953  tok    1.0M  loss 6.5564  208s
  val loss 7.2009  ppl 1340.65
step   1100/1953  tok    1.1M  loss 6.3703  230s
step   1200/1953  tok    1.2M  loss 6.8741  251s
  val loss 7.0974  ppl 1208.83
step   1300/1953  tok    1.3M  loss 6.2601  273s
step   1400/1953  tok    1.4M  loss 6.7036  295s
  val loss 7.0581  ppl 1162.18
step   1500/1953  tok    1.5M  loss 6.6702  318s
step   1600/1953  tok    1.6M  loss 6.7378  342s
  val loss 6.9691  ppl 1063.27
step   1700/1953  tok    1.7M  loss 6.7679  369s
step   1800/1953  tok    1.8M  loss 7.5723  394s
  val loss 6.9544  ppl 1047.77
step   1900/1953  tok    1.9M  loss 6.7024  416s
  val loss 6.9269  ppl 1019.37
best val ppl 1019.3696508443097 -> runs/dense1
