### шаг 000200
   1    531.32  670.7513      0.0766       3.1    42.1568   9.3192
   2    734.68    0.4205      0.0047       3.2    17.8318   9.2454
   3    923.75    0.2761      0.0142       3.3     7.4379   9.1818
   4   1104.57    0.2068      0.0153       3.4     2.5358   9.1350
   5   1280.10    0.1661      0.0143       3.4     0.5176   9.1004
   6   1451.98    0.1392      0.0129       3.5     0.0000   9.0747
### шаг 000400
   1   1349.28 1018.4546      0.1060       3.8   145.6262   8.8797
   2   1942.48    0.4445      0.0766       3.3    48.2084   8.4143
   3   2510.69    0.3013      0.0310       3.0    16.1678   8.2742
   4   3068.95    0.2290      0.0120       2.7     4.7519   8.2231
   5   3623.19    0.1855      0.0036       2.6     0.8438   8.2034
   6   4176.06    0.1563     -0.0002       2.4     0.0000   8.1962
### шаг 000600
   1   2427.81 1332.4604      0.1023       4.7   163.7710   8.4993
   2   3135.35    0.2739      0.0665       4.6    77.4002   8.1483
   3   3815.68    0.2130      0.0346       4.4    32.6685   8.0042
   4   4482.77    0.1751      0.0127       4.2    11.0697   7.9500
   5   5141.95    0.1487     -0.0012       4.1     2.1527   7.9384
   6   5796.00    0.1292     -0.0093       3.9     0.0000   7.9476
### шаг 000800
   1   2960.70 1220.7943      0.0773       6.7   156.5358   8.3038
   2   3582.38    0.2295      0.0763       6.8    76.9444   7.9320
   3   4188.35    0.1856      0.0466       6.8    35.0336   7.7822
   4   4788.54    0.1577      0.0256       6.7    12.9121   7.7185
   5   5387.16    0.1374      0.0099       6.6     2.7176   7.6990
   6   5986.10    0.1219     -0.0013       6.5     0.0000   7.7049
### шаг 001000
   1   2710.87 1058.0938      0.0647       8.4    91.9740   7.9261
   2   3194.51    0.1987      0.0500       8.8    48.9807   7.7552
   3   3670.35    0.1652      0.0307       9.0    23.9489   7.6715
   4   4140.82    0.1411      0.0157       9.0     9.2458   7.6307
   5   4609.89    0.1238      0.0043       9.0     1.9935   7.6174
   6   5080.05    0.1107     -0.0038       9.0     0.0000   7.6221
### шаг 001200
   1   2561.59  909.9970      0.0489      10.5   132.1318   7.9552
   2   2997.34    0.2110      0.0580      11.2    63.4022   7.6861
   3   3441.28    0.1805      0.0269      11.5    28.5990   7.5959
   4   3883.68    0.1540      0.0081      11.5    10.3820   7.5713
   5   4325.74    0.1342     -0.0038      11.5     2.1383   7.5782
   6   4768.87    0.1191     -0.0115      11.5     0.0000   7.6013
### шаг 001400
   1   2391.81  782.5355      0.0261      11.6   104.9916   7.9824
   2   2780.80    0.2113      0.0642      12.5    46.0736   7.6694
   3   3163.66    0.1723      0.0319      13.0    19.7054   7.5659
   4   3537.47    0.1438      0.0142      13.2     6.9674   7.5275
   5   3906.19    0.1242      0.0029      13.4     1.4297   7.5178
   6   4272.07    0.1098     -0.0044      13.4     0.0000   7.5226
### шаг 001600
   1   1995.27  654.5883      0.0240      13.5    89.8817   7.8056
   2   2252.93    0.1944      0.0483      15.0    40.5224   7.5781
   3   2510.32    0.1617      0.0246      16.0    18.0014   7.4955
   4   2762.72    0.1353      0.0105      16.8     6.6368   7.4628
   5   3012.27    0.1173      0.0006      17.3     1.4251   7.4548
   6   3260.44    0.1041     -0.0067      17.8     0.0000   7.4610
### шаг 001800
   1   1779.91  590.8293      0.0073      14.1    87.1672   7.6698
   2   2022.96    0.1961      0.0435      15.7    39.6208   7.5023
   3   2268.33    0.1661      0.0214      16.8    17.2452   7.4407
   4   2509.48    0.1396      0.0081      17.6     6.1378   7.4188
   5   2747.00    0.1203     -0.0008      18.2     1.2703   7.4171
   6   2981.86    0.1060     -0.0072      18.7     0.0000   7.4269
ГОТОВО
