device=mps  params: 15.59M total / 9.30M non-embedding
step      0/976  tok    0.0M  loss 31.9618  9s
step     50/976  tok    0.4M  loss 15.4392  190s
step    100/976  tok    0.8M  loss 15.6083  372s
  val loss 7.6722  ppl 2147.80
step    150/976  tok    1.2M  loss 15.2628  562s
step    200/976  tok    1.6M  loss 14.7527  743s
  val loss 7.2108  ppl 1354.02
step    250/976  tok    2.0M  loss 14.2464  933s
step    300/976  tok    2.5M  loss 14.0794  1114s
  val loss 6.8990  ppl 991.28
step    350/976  tok    2.9M  loss 13.4784  1304s
step    400/976  tok    3.3M  loss 13.5234  1489s
  val loss 6.6132  ppl 744.87
step    450/976  tok    3.7M  loss 13.3456  1678s
step    500/976  tok    4.1M  loss 12.8637  1860s
  val loss 6.4235  ppl 616.16
step    550/976  tok    4.5M  loss 13.5096  2049s
step    600/976  tok    4.9M  loss 13.1317  2231s
  val loss 6.3438  ppl 568.96
step    650/976  tok    5.3M  loss 12.5443  2420s
step    700/976  tok    5.7M  loss 12.5499  2602s
  val loss 6.2820  ppl 534.87
step    750/976  tok    6.1M  loss 11.7840  2791s
step    800/976  tok    6.6M  loss 11.8793  2976s
  val loss 6.1262  ppl 457.72
step    850/976  tok    7.0M  loss 12.1834  3166s
step    900/976  tok    7.4M  loss 12.5762  3348s
  val loss 6.0528  ppl 425.31
step    950/976  tok    7.8M  loss 12.2126  3537s
  val loss 6.0306  ppl 415.97
best val ppl 415.97481744228855 -> runs/idea_ponder
/Library/Frameworks/Python.framework/Versions/3.12/lib/python3.12/multiprocessing/resource_tracker.py:279: UserWarning: resource_tracker: There appear to be 1 leaked semaphore objects to clean up at shutdown
  warnings.warn('resource_tracker: There appear to be %d '
