device=mps  params: 15.44M total / 9.15M non-embedding
step      0/976  tok    0.0M  loss 9.7760  10s
step     50/976  tok    0.4M  loss 7.6480  161s
step    100/976  tok    0.8M  loss 7.7229  323s
  val loss 7.6791  ppl 2162.60
step    150/976  tok    1.2M  loss 7.6900  511s
step    200/976  tok    1.6M  loss 7.6658  711s
  val loss 7.4808  ppl 1773.69
step    250/976  tok    2.0M  loss 7.3196  920s
step    300/976  tok    2.5M  loss 7.1465  1116s
  val loss 7.1257  ppl 1243.50
step    350/976  tok    2.9M  loss 6.9546  1318s
step    400/976  tok    3.3M  loss 6.9036  1515s
  val loss 6.7864  ppl 885.72
step    450/976  tok    3.7M  loss 6.7314  1734s
step    500/976  tok    4.1M  loss 6.5738  1915s
  val loss 6.6026  ppl 737.00
step    550/976  tok    4.5M  loss 6.8027  2083s
step    600/976  tok    4.9M  loss 6.6898  2232s
  val loss 6.5165  ppl 676.22
step    650/976  tok    5.3M  loss 6.4313  2383s
step    700/976  tok    5.7M  loss 6.5020  2528s
  val loss 6.4729  ppl 647.35
step    750/976  tok    6.1M  loss 6.0973  2680s
step    800/976  tok    6.6M  loss 6.1701  2829s
  val loss 6.3482  ppl 571.45
step    850/976  tok    7.0M  loss 6.3069  2980s
step    900/976  tok    7.4M  loss 6.4877  3125s
  val loss 6.2858  ppl 536.91
step    950/976  tok    7.8M  loss 6.3327  3277s
  val loss 6.2712  ppl 529.09
best val ppl 529.0877180825753 -> runs/idea_inject
/Library/Frameworks/Python.framework/Versions/3.12/lib/python3.12/multiprocessing/resource_tracker.py:279: UserWarning: resource_tracker: There appear to be 1 leaked semaphore objects to clean up at shutdown
  warnings.warn('resource_tracker: There appear to be %d '
