device=mps  params: 15.14M total / 8.85M non-embedding
step      0/976  tok    0.0M  loss 9.7764  8s
step     50/976  tok    0.4M  loss 7.6168  152s
step    100/976  tok    0.8M  loss 7.3249  296s
  val loss 7.3007  ppl 1481.40
step    150/976  tok    1.2M  loss 7.2139  447s
step    200/976  tok    1.6M  loss 7.0142  591s
  val loss 6.8698  ppl 962.75
step    250/976  tok    2.0M  loss 6.7784  756s
step    300/976  tok    2.5M  loss 6.7947  924s
  val loss 6.6250  ppl 753.72
step    350/976  tok    2.9M  loss 6.5280  1098s
step    400/976  tok    3.3M  loss 6.5508  1270s
  val loss 6.3816  ppl 590.90
step    450/976  tok    3.7M  loss 6.2979  1445s
step    500/976  tok    4.1M  loss 6.2283  1612s
  val loss 6.2131  ppl 499.24
step    550/976  tok    4.5M  loss 6.4579  1787s
step    600/976  tok    4.9M  loss 6.3628  1954s
  val loss 6.1175  ppl 453.75
step    650/976  tok    5.3M  loss 6.0206  2129s
step    700/976  tok    5.7M  loss 6.0338  2297s
  val loss 6.0596  ppl 428.21
step    750/976  tok    6.1M  loss 5.7085  2472s
step    800/976  tok    6.6M  loss 5.7472  2643s
  val loss 5.9194  ppl 372.17
step    850/976  tok    7.0M  loss 5.8858  2818s
step    900/976  tok    7.4M  loss 6.1396  2985s
  val loss 5.8561  ppl 349.37
step    950/976  tok    7.8M  loss 5.7865  3160s
  val loss 5.8377  ppl 342.98
best val ppl 342.9828463179987 -> runs/idea_layer
/Library/Frameworks/Python.framework/Versions/3.12/lib/python3.12/multiprocessing/resource_tracker.py:279: UserWarning: resource_tracker: There appear to be 1 leaked semaphore objects to clean up at shutdown
  warnings.warn('resource_tracker: There appear to be %d '
