device=mps  params: 15.14M total / 8.85M non-embedding
step      0/976  tok    0.0M  loss 9.7794  11s
step     50/976  tok    0.4M  loss 7.6352  174s
step    100/976  tok    0.8M  loss 7.5942  320s
  val loss 7.5346  ppl 1871.68
step    150/976  tok    1.2M  loss 7.4371  473s
step    200/976  tok    1.6M  loss 7.1574  619s
  val loss 6.9936  ppl 1089.63
step    250/976  tok    2.0M  loss 6.8870  772s
step    300/976  tok    2.5M  loss 6.8466  918s
  val loss 6.6972  ppl 810.11
step    350/976  tok    2.9M  loss 6.5670  1071s
step    400/976  tok    3.3M  loss 6.6097  1222s
  val loss 6.4474  ppl 631.07
step    450/976  tok    3.7M  loss 6.3673  1375s
step    500/976  tok    4.1M  loss 6.2927  1522s
  val loss 6.2830  ppl 535.40
step    550/976  tok    4.5M  loss 6.5227  1675s
step    600/976  tok    4.9M  loss 6.4196  1821s
  val loss 6.1751  ppl 480.63
step    650/976  tok    5.3M  loss 6.0875  1974s
step    700/976  tok    5.7M  loss 6.0937  2120s
  val loss 6.1095  ppl 450.12
step    750/976  tok    6.1M  loss 5.7502  2273s
step    800/976  tok    6.6M  loss 5.7889  2424s
  val loss 5.9784  ppl 394.83
step    850/976  tok    7.0M  loss 5.9488  2593s
step    900/976  tok    7.4M  loss 6.1865  2759s
  val loss 5.9117  ppl 369.33
step    950/976  tok    7.8M  loss 5.9303  2933s
  val loss 5.8919  ppl 362.09
best val ppl 362.0860342932059 -> runs/idea_base
/Library/Frameworks/Python.framework/Versions/3.12/lib/python3.12/multiprocessing/resource_tracker.py:279: UserWarning: resource_tracker: There appear to be 1 leaked semaphore objects to clean up at shutdown
  warnings.warn('resource_tracker: There appear to be %d '
